// Jest Snapshot v1, https://goo.gl/fbAQLP

exports[`Test Category component should render correctly 1`] = `
<div>
  <h1
    class="Sharedstyle__MainHeaderStyle-sc-1a3bnp9-0 chhIjm"
  >
    Category 
    
  </h1>
  <div
    class="Sharedstyle__NewsWrapperStyle-sc-1a3bnp9-1 jTferJ"
  >
    <div
      class="Thumbnailstyle__ThumbnailWrapperStyle-sc-123obdz-0 lhHvSI"
    >
      <h2
        class="Thumbnailstyle__ThumbnailTitleStyle-sc-123obdz-3 dSnuxn"
      >
        article1
      </h2>
      <div
        class="Thumbnailstyle__ThumbnailImgStyle-sc-123obdz-1 cwXTzT"
      />
      <div
        class="Thumbnailstyle__ThumbnailDescStyle-sc-123obdz-2 CqRvk"
      >
        <div>
          some desc
        </div>
        <span
          class="Thumbnailstyle__ThumbnailLinkStyle-sc-123obdz-4 VvDHO"
        >
          <a
            data-testid="more-link"
            href="/country/gb/articles/article1"
          >
            More &gt;
          </a>
        </span>
      </div>
    </div>
    <div
      class="Thumbnailstyle__ThumbnailWrapperStyle-sc-123obdz-0 lhHvSI"
    >
      <h2
        class="Thumbnailstyle__ThumbnailTitleStyle-sc-123obdz-3 dSnuxn"
      >
        article2
      </h2>
      <div
        class="Thumbnailstyle__ThumbnailImgStyle-sc-123obdz-1 cwXTzT"
      />
      <div
        class="Thumbnailstyle__ThumbnailDescStyle-sc-123obdz-2 CqRvk"
      >
        <div>
          some desc
        </div>
        <span
          class="Thumbnailstyle__ThumbnailLinkStyle-sc-123obdz-4 VvDHO"
        >
          <a
            data-testid="more-link"
            href="/country/gb/articles/article2"
          >
            More &gt;
          </a>
        </span>
      </div>
    </div>
  </div>
</div>
`;
